<!DOCTYPE html><html xmlns="http://www.w3.org/1999/xhtml" class="no-js"><head><meta http-equiv="Content-Type" content="text/html; charset=utf-8"/><title>Unit test: legalsection.001</title><meta name="viewport" content="width=device-width, initial-scale=1.0"/><link href="http://purl.org/dc/elements/1.1/" rel="schema.dc"/><meta content="2011-04-22T17:02:00-06:00" name="dc.modified"/><meta content="DocBook xslTNG" name="generator"/><link href="./css/docbook.css" rel="stylesheet"/><link href="./css/docbook-screen.css" rel="stylesheet"/></head><body class="home"><nav class="top"></nav><main><article class="article"><header><h1>Unit test: legalsection.001</h1></header><div class="list-of-titles"><div class="lot toc"><div class="title">Table of Contents</div><ul class="toc"><li><a href="#s1"><span class="number">1<span class="sep"> </span></span>Section One</a></li><li><a href="#ls1"><span class="number">2<span class="sep"> </span></span>Legal Section</a></li><li><a href="#s2"><span class="number">3<span class="sep"> </span></span>Section One</a></li></ul></div></div><p>Cross references: <a href="#s1" class="xref xref-section"><span><span class="label">Section<span class="sep"> </span></span><span class="number">1, </span><span class="xreftitle">Section One</span></span></a>, <a href="#ls1" class="xref xref-legalsection"><span><span class="label">Section<span class="sep"> </span></span><span class="number">2, </span><span class="xreftitle">Legal Section</span></span></a>, <a href="#s2" class="xref xref-section"><span><span class="label">Section<span class="sep"> </span></span><span class="number">3, </span><span class="xreftitle">Section One</span></span></a>.</p><section id="s1" class="section"><header><h2><span class="number">1<span class="sep"> </span></span>Section One</h2></header><p>…</p></section><section id="ls1" class="legalsection"><header><h2><span class="number">2<span class="sep"> </span></span>Legal Section</h2></header>

<p>This is a “legal section”.</p>
</section><section id="s2" class="section"><header><h2><span class="number">3<span class="sep"> </span></span>Section One</h2></header><p>…</p></section></article></main><nav class="bottom"></nav></body></html>